// Jest Snapshot v1, https://goo.gl/fbAQLP

exports[`Footer has a valid snapshot 1`] = `
<footer
  className="footer"
>
  <figure
    className="footer__figure"
  >
    <img
      alt="logo"
      className="footer__img"
      src="logo.png"
      title="Women Dev Project"
    />
  </figure>
  <ul
    className="footer__list"
  >
    <li
      className="footer__list__item"
    >
      <h3
        className="footer__list__title"
      >
        Sobre
      </h3>
    </li>
    <li
      className="footer__list__item"
    >
      <a
        className="footer__list__link"
        href=""
      >
        O que é
      </a>
    </li>
    <li
      className="footer__list__item"
    >
      <a
        className="footer__list__link"
        href=""
      >
        Como Participar
      </a>
    </li>
    <li
      className="footer__list__item"
    >
      <a
        className="footer__list__link"
        href=""
      >
        FAQ
      </a>
    </li>
  </ul>
  <ul
    className="footer__list"
  >
    <li
      className="footer__list__item"
    >
      <h3
        className="footer__list__title"
      >
        Projetos
      </h3>
    </li>
    <li
      className="footer__list__item"
    >
      <a
        className="footer__list__link"
        href=""
      >
        Pro-Bonos
      </a>
    </li>
    <li
      className="footer__list__item"
    >
      <a
        className="footer__list__link"
        href=""
      >
        Comerciais
      </a>
    </li>
    <li
      className="footer__list__item"
    >
      <a
        className="footer__list__link"
        href=""
      >
        Clientes
      </a>
    </li>
  </ul>
  <div
    className="footer__list"
  >
    <h3
      className="footer__list__title footer__title"
    >
      Mídia Social
    </h3>
    <ul
      className="footer__list__social-network"
    >
      <li
        className="footer__list__item__social-network"
      >
        <a
          href="https://github.com/womenwhocoderecife"
        >
          <figure
            className="footer__figure"
          >
            <img
              alt="logo"
              src="github.svg"
              title="github"
            />
          </figure>
        </a>
      </li>
      <li
        className="footer__list__item__social-network"
      >
        <a
          href="https://www.instagram.com/wwcoderecife/"
        >
          <figure
            className="footer__figure"
          >
            <img
              alt="logo"
              src="instagram.svg"
              title="instagram"
            />
          </figure>
        </a>
      </li>
      <li
        className="footer__list__item__social-network"
      >
        <a
          href="https://twitter.com/WWCode_Recife"
        >
          <figure
            className="footer__figure"
          >
            <img
              alt="logo"
              src="twitter.svg"
              title="twitter"
            />
          </figure>
        </a>
      </li>
    </ul>
  </div>
  <ul
    className="footer__list"
  >
    <li
      className="footer__list__wwcode"
    >
      <h3
        className="footer__list__title"
      >
        Iniciativa
      </h3>
    </li>
    <li>
      <a
        href="https://www.womenwhocode.com/recife"
      >
        <figure
          className="footer__figure"
        >
          <img
            alt="logo WWCode"
            className="footer__img"
            src="logo-wwcode.png"
            title="logo WWCode"
          />
        </figure>
      </a>
    </li>
  </ul>
</footer>
`;
